                                                                                           Wednesday, March 25, 2020 09:40:38 AM   1

                                                         The FREQ Procedure

                                                                         Cumulative    Cumulative
                                   Cylinders    Frequency     Percent     Frequency      Percent
                                   --------------------------------------------------------------
                                           3           1        0.23             1         0.23  
                                           4         136       31.92           137        32.16  
                                           5           7        1.64           144        33.80  
                                           6         190       44.60           334        78.40  
                                           8          87       20.42           421        98.83  
                                          10           2        0.47           423        99.30  
                                          12           3        0.70           426       100.00  

                                                        Frequency Missing = 2
